
T16517.hs:5:29: error:
    • Expected kind ‘k’, but ‘a’ has kind ‘k0’
        because kind variable ‘k’ would escape its scope
      This (rigid, skolem) kind variable is bound by
        the class declaration for ‘C’
        at T16517.hs:5:22-35
    • In the first argument of ‘Proxy’, namely ‘(a :: k)’
      In the type signature: m :: Proxy (a :: k)
      In the class declaration for ‘C’
