
tcfail119.hs:11:8: error:
    • Couldn't match type ‘Bool’ with ‘[Char]’
      Expected: Bool
        Actual: String
    • In the pattern: "Foo"
      In an equation for ‘b’: b x "Foo" = ()
