
saks007_fail.hs:15:10: error:
    • Couldn't match kind ‘'True’ with ‘'False’
      Expected: G (*)
        Actual: F (*)
    • In the type ‘X Integer String’
      In the definition of data constructor ‘MkX’
      In the data declaration for ‘X’
