
T16245.hs:11:36: error:
    • Expected kind ‘k’, but ‘b’ has kind ‘k1’
      ‘k1’ is a rigid type variable bound by
        the class declaration for ‘C’
        at T16245.hs:11:45
      ‘k’ is a rigid type variable bound by
        the class declaration for ‘C’
        at T16245.hs:11:1-62
    • In the second argument of ‘SameKind’, namely ‘b’
      In the class declaration for ‘C’
