
T14369.hs:29:5: error:
    • Couldn't match type: Demote a
                     with: Demote a1
      Expected: Sing x -> Maybe (Demote a1)
        Actual: Sing x -> Demote (Maybe a)
    • In the expression: fromSing
      In an equation for ‘f’: f = fromSing
    • Relevant bindings include
        f :: Sing x -> Maybe (Demote a1) (bound at T14369.hs:29:1)
