
T9681.hs:3:9: error:
    • No instance for (Num String) arising from a use of ‘+’
    • In the expression: 1 + "\n"
      In an equation for ‘foo’: foo = 1 + "\n"
